GET http://localhost:8080/feed/atom.xml
Cookie: pf_session={}

200 OK
Content-Length: 1518
Content-Type: application/atom+xml
Referrer-Policy: strict-origin-when-cross-origin
X-Content-Type-Options: nosniff
X-Download-Options: noopen
X-Frame-Options: SAMEORIGIN
X-Permitted-Cross-Domain-Policies: none
X-XSS-Protection: 1; mode=block

<?xml version="1.0" encoding="utf-8"?>
<feed xmlns="http://www.w3.org/2005/Atom">
  <title>
    Point-Free
  </title>
  <link href="http://localhost:8080/feed/atom.xml"
        rel="self">
  <link href="http://localhost:8080">
  <updated>
    2017-06-20T12:00:00Z
  </updated>
  <id>
    http://localhost:8080
  </id>
  <author>
    <name>
      Point-Free
    </name>
    <email>
      support@pointfree.co
    </email>
  </author>
  <entry>
    <title>
      Proof in Functions
    </title>
    <link href="http://localhost:8080/episodes/ep2-proof-in-functions">
    <updated>
      2016-12-20T00:00:00Z
    </updated>
    <id>
      http://localhost:8080/episodes/ep2-proof-in-functions
    </id>
    <content type="html">
      <![CDATA[This is a short blurb to give a high-level overview of what the episode is about. It can only be plain
text, no markdown allowed. Here is some more text just to have some filler.]]>
    </content>
  </entry>
  <entry>
    <title>
      Type-Safe HTML in Swift
    </title>
    <link href="http://localhost:8080/episodes/ep1-type-safe-html-in-swift">
    <updated>
      2017-06-20T12:00:00Z
    </updated>
    <id>
      http://localhost:8080/episodes/ep1-type-safe-html-in-swift
    </id>
    <content type="html">
      <![CDATA[As server-side Swift becomes more popular and widely adopted, it will be important to re-examine some of the past “best-practices” of web frameworks to see how Swift’s type system can improve upon them.]]>
    </content>
  </entry>
</feed>

