episodes[]=Functions&
episodes[]=Monoids&
episodes[]=Applicatives