name=Blob%20McBlob&
location[id]=12&
location[name]=Brooklyn&
location[neighborhoods][0][id]=2&
location[neighborhoods][0][name]=Williamsburg&
location[neighborhoods][1][id]=3&
location[neighborhoods][1][name]=Bed-Stuy&
id=42&
favorite_colors[0]=blue&
favorite_colors[1]=green&
bio=%21%2A%27%28%29%3B%3A%40%26%3D%2B%24%2C%2F%3F%25%23%5B%5D%20%5E