▿ PointFree.Database.User
  ▿ email: Prelude.Tagged<PointFree.Email, Swift.String>
    - unwrap: "hello@pointfree.co"
  ▿ gitHubUserId: Prelude.Tagged<PointFree.GitHub.User, Swift.Int>
    - unwrap: 1
  - gitHubAccessToken: "deadbeef"
  ▿ id: Prelude.Tagged<PointFree.Database.User, Foundation.UUID>
    - unwrap: 00000000-0000-0000-0000-000000000001
  - name: "Blobby McBlob"
  - subscriptionId: nil
