POST https://api.stripe.com/v1/customers
Stripe-Version: 2019-12-03

description=blob&email=blob%40pointfree.co&source=tok_test