POST https://api.stripe.com/v1/subscriptions?expand%5B%5D=customer
Stripe-Version: 2019-12-03

coupon=freebie&customer=cus_test&items[0][plan]=monthly-2019&items[0][quantity]=1