GET https://api.stripe.com/v1/plans/monthly-2019
Stripe-Version: 2019-12-03