GET http://localhost:8080/enterprise/pointfree.co/accept?email=6736739a813f0119e0794b507d268a944c1bd141462666bc3abacb709af89c5def2e0fd7376975587816108195&user_id=baddata
Cookie: pf_session={"userId":"00000000-0000-0000-0000-123456789012"}

302 Found
Location: /enterprise/pointfree.co
Referrer-Policy: strict-origin-when-cross-origin
Set-Cookie: pf_session={"flash":{"message":"Something is wrong with your invitation link. Please try again.","priority":"error"},"userId":"00000000-0000-0000-0000-123456789012"}; Expires=Sat, 29 Jan 2028 00:00:00 GMT; Path=/
X-Content-Type-Options: nosniff
X-Download-Options: noopen
X-Frame-Options: SAMEORIGIN
X-Permitted-Cross-Domain-Policies: none
X-XSS-Protection: 1; mode=block