GET http://localhost:8080/enterprise/pointfree.co/accept?email=b1f40a2f0a39418c009eee34eccc39806a976895196223b7aa76a575ecb1dc3c132716dfca56026f64cd4df6f2&user_id=c2f88da4b5399ecd738ed3c3abecdffbb765c2a8eeef61aa96e263cc1cc2e0486d57c5f628ab8879a000611708b1b62efe704f0bd87d2524a30d9a35e202ba60
Cookie: pf_session={"userId":"00000000-0000-0000-0000-123456789012"}

302 Found
Location: /account
Referrer-Policy: strict-origin-when-cross-origin
Set-Cookie: pf_session={"flash":{"message":"You have joined Blob Inc.'s subscription!","priority":"notice"},"userId":"00000000-0000-0000-0000-123456789012"}; Expires=Sat, 29 Jan 2028 00:00:00 GMT; Path=/
X-Content-Type-Options: nosniff
X-Download-Options: noopen
X-Frame-Options: SAMEORIGIN
X-Permitted-Cross-Domain-Policies: none
X-XSS-Protection: 1; mode=block