POST http://localhost:8080/enterprise/pointfree.co/request
Cookie: pf_session={"userId":"00000000-0000-0000-0000-123456789012"}

email=blob%40pointfree.biz

302 Found
Location: /enterprise/pointfree.co
Referrer-Policy: strict-origin-when-cross-origin
Set-Cookie: pf_session={"flash":{"message":"We've sent an invite to blob@pointfree.biz!","priority":"notice"},"userId":"00000000-0000-0000-0000-123456789012"}; Expires=Sat, 29 Jan 2028 00:00:00 GMT; Path=/
X-Content-Type-Options: nosniff
X-Download-Options: noopen
X-Frame-Options: SAMEORIGIN
X-Permitted-Cross-Domain-Policies: none
X-XSS-Protection: 1; mode=block