GET http://localhost:8080/enterprise/pointfree.co/accept?email=309df8a272a74d37b902df4f8877a2c47913465325cc51de040f7d495307ca52c7f913629960968ac91f40780a&user_id=309df8a272a74d37b902df4fda2bfd960953190a6688079c5147631a0ca92780f90bb5f825e8fecf0da7bf39093866db5952011d068a69980d878afd9b61c6d6
Cookie: pf_session={"userId":"DEADBEEF-0000-0000-0000-123456789012"}

302 Found
Location: /enterprise/pointfree.co
Referrer-Policy: strict-origin-when-cross-origin
Set-Cookie: pf_session={"flash":{"message":"Something is wrong with your invitation link. Please try again.","priority":"error"},"userId":"DEADBEEF-0000-0000-0000-123456789012"}; Expires=Sat, 29 Jan 2028 00:00:00 GMT; Path=/
X-Content-Type-Options: nosniff
X-Download-Options: noopen
X-Frame-Options: SAMEORIGIN
X-Permitted-Cross-Domain-Policies: none
X-XSS-Protection: 1; mode=block