▿ Step
  ResponseEnded

▿ Request
  POST http://localhost:8080/account/subscription/change
  Cookie: pf_session={"userId":"00000000-0000-0000-0000-000000000000"}

  lane=team&billing=monthly&quantity=4

▿ Response
  Status 302 FOUND
  Location: /account
  Set-Cookie: pf_session={"flash":{"message":"We’ve modified your subscription.","priority":"notice"},"userId":"00000000-0000-0000-0000-000000000000"}; Path=/