▿ Step
  ResponseEnded

▿ Request
  POST http://localhost:8080/account/subscription/change-seats
  Authorization: Basic aGVsbG86d29ybGQ=
  Cookie: pf_session={"userId":"00000000-0000-0000-0000-000000000000"}

  quantity=10

▿ Response
  Status 302 FOUND
  Location: /pricing
  Set-Cookie: pf_session={"flash":{"message":"You don’t have an active subscription. Would you like to subscribe?","priority":"error"},"userId":"00000000-0000-0000-0000-000000000000"}; Path=/