▿ Step
  ResponseEnded

▿ Request
  POST http://localhost:8080/account/subscription/change-seats
  Authorization: Basic aGVsbG86d29ybGQ=
  Cookie: pf_session={"userId":"00000000-0000-0000-0000-000000000000"}

  quantity=10

▿ Response
  Status 302 FOUND
  Location: /account
  Set-Cookie: pf_session={"flash":{"message":"We’ve changed the number of seats on your subscription.","priority":"notice"},"userId":"00000000-0000-0000-0000-000000000000"}; Path=/