▿ Step
  ResponseEnded

▿ Request
  GET http://localhost:8080/episodes/ep1-proof-in-functions
  Authorization: Basic aGVsbG86d29ybGQ=

  (Data, 0 bytes)

▿ Response
  Status 200 OK
  Content-Length: 28760
  Content-Type: text/html; charset=utf-8

  <!DOCTYPE html><html><head><title>Episode #1: Proof in Functions</title><style>/*! normalize.css v7.0.0 | MIT License | github.com/necolas/normalize.css */html{line-height:1.15;-ms-text-size-adjust:100%;-webkit-text-size-adjust:100%}body{margin:0}article,aside,footer,header,nav,section{display:block}h1{font-size:2em;margin:.67em 0}figcaption,figure,main{display:block}figure{margin:1em 40px}hr{box-sizing:content-box;height:0;overflow:visible}pre{font-family:monospace,monospace;font-size:1em}a{background-color:transparent;-webkit-text-decoration-skip:objects}abbr[title]{border-bottom:none;text-decoration:underline;text-decoration:underline dotted}b,strong{font-weight:inherit}b,strong{font-weight:bolder}code,kbd,samp{font-family:monospace,monospace;font-size:1em}dfn{font-style:italic}mark{background-color:#ff0;color:#000}small{font-size:80%}sub,sup{font-size:75%;line-height:0;position:relative;vertical-align:baseline}sub{bottom:-.25em}sup{top:-.5em}audio,video{display:inline-block}audio:not([controls]){display:none;height:0}img{border-style:none}svg:not(:root){overflow:hidden}button,input,optgroup,select,textarea{font-family:sans-serif;font-size:100%;line-height:1.15;margin:0}button,input{overflow:visible}button,select{text-transform:none}[type=reset],[type=submit],button,html [type=button]{-webkit-appearance:button}[type=button]::-moz-focus-inner,[type=reset]::-moz-focus-inner,[type=submit]::-moz-focus-inner,button::-moz-focus-inner{border-style:none;padding:0}[type=button]:-moz-focusring,[type=reset]:-moz-focusring,[type=submit]:-moz-focusring,button:-moz-focusring{outline:1px dotted ButtonText}fieldset{padding:.35em .75em .625em}legend{box-sizing:border-box;color:inherit;display:table;max-width:100%;padding:0;white-space:normal}progress{display:inline-block;vertical-align:baseline}textarea{overflow:auto}[type=checkbox],[type=radio]{box-sizing:border-box;padding:0}[type=number]::-webkit-inner-spin-button,[type=number]::-webkit-outer-spin-button{height:auto}[type=search]{-webkit-appearance:textfield;outline-offset:-2px}[type=search]::-webkit-search-cancel-button,[type=search]::-webkit-search-decoration{-webkit-appearance:none}::-webkit-file-upload-button{-webkit-appearance:button;font:inherit}details,menu{display:block}summary{display:list-item}canvas{display:inline-block}template{display:none}[hidden]{display:none}/*# sourceMappingURL=normalize.min.css.map */</style><style>body, html{height:100%}html{font-size:14px;font-family:-apple-system,Helvetica Neue,Helvetica,Arial,sans-serif;line-height:1.5;-webkit-box-sizing:border-box;-moz-box-sizing:border-box;-ms-box-sizing:border-box;-o-box-sizing:border-box;box-sizing:border-box}body{-webkit-box-sizing:border-box;-moz-box-sizing:border-box;-ms-box-sizing:border-box;-o-box-sizing:border-box;box-sizing:border-box}*, *::before, *::after{-webkit-box-sizing:inherit;-moz-box-sizing:inherit;-ms-box-sizing:inherit;-o-box-sizing:inherit;box-sizing:inherit}.bg-black{background-color:#121212}.bg-dark{background-color:#121212}.bg-gray650{background-color:#a8a8a8}.bg-gray900{background-color:#f6f6f6}.bg-green{background-color:#79F2B0}.bg-inherit{background-color:inherit}.bg-purple{background-color:#974DFF}.bg-purple150{background-color:#291a40}.bg-red{background-color:#eb1c26}.bg-white{background-color:#fff}.bg-yellow{background-color:#FFF080}.border-gray-650{border-top-color:#a8a8a8;border-right-color:#a8a8a8;border-bottom-color:#a8a8a8;border-left-color:#a8a8a8}.border-gray-800{border-top-color:#ccc;border-right-color:#ccc;border-bottom-color:#ccc;border-left-color:#ccc}.border-gray-900{border-top-color:#f6f6f6;border-right-color:#f6f6f6;border-bottom-color:#f6f6f6;border-left-color:#f6f6f6}.fg-black{color:#121212}.fg-gray300{color:#555555}.fg-gray400{color:#666666}.fg-gray650{color:#a8a8a8}.fg-gray850{color:#d8d8d8}.fg-green{color:#79F2B0}.fg-purple{color:#974DFF}.fg-red{color:#eb1c26}.fg-yellow{color:#FFF080}.fg-white{color:#fff}a:link.pf-link-black{color:#121212}a:visited.pf-link-black{color:#121212}a:link.pf-link-gray650{color:#a8a8a8}a:visited.pf-link-gray650{color:#a8a8a8}a:link.pf-link-green{color:#79F2B0}a:visited.pf-link-green{color:#79F2B0}a:link.pf-link-purple{color:#974DFF}a:visited.pf-link-purple{color:#974DFF}a:link.pf-link-red{color:#eb1c26}a:visited.pf-link-red{color:#eb1c26}a:link.pf-link-white{color:#fff}a:visited.pf-link-white{color:#fff}a:link.pf-link-yellow{color:#FFF080}a:visited.pf-link-white{color:#fff}.code{background-color:#fafafa;font-family:monospace}.inline-code{font-family:monospace;padding-top:1px;padding-bottom:1px;padding-right:5px;padding-left:5px;border-top-width:1px;border-right-width:1px;border-bottom-width:1px;border-left-width:1px;border-top-left-radius:3px;border-top-right-radius:3px;border-bottom-right-radius:3px;border-bottom-left-radius:3px;background-color:#fafafa}.opacity-25{opacity:0.25}.opacity-50{opacity:0.5}.opacity-75{opacity:0.75}a, a:link, a:visited{color:#121212;text-decoration:none}a:hover, a:active{text-decoration:underline}.body-leading{font-size:1.1875rem}h1, h2, h3, h4, h5, h6, p, ul, ol{margin-top:0.5rem;margin-bottom:0.5rem;margin-right:0;margin-left:0}hr{border-top-color:transparent;border-right-color:transparent;border-bottom-color:transparent;border-left-color:transparent;border-top-style:none;border-right-style:none;border-bottom-style:none;border-left-style:none;border-top-width:0;border-right-width:0;border-bottom-width:0;border-left-width:0}.pf-divider{border-top-color:#ddd;height:0px}.pf-navbar a, .pf-navbar a:link{color:#fff}.btn-normal:hover{-webkit-box-shadow:inset 0 0 0 20rem rgba(0,0,0,0.1);-moz-box-shadow:inset 0 0 0 20rem rgba(0,0,0,0.1);-ms-box-shadow:inset 0 0 0 20rem rgba(0,0,0,0.1);-o-box-shadow:inset 0 0 0 20rem rgba(0,0,0,0.1);box-shadow:inset 0 0 0 20rem rgba(0,0,0,0.1)}a:active.btn-normal{-webkit-box-shadow:inset 0 0 0 20rem rgba(0,0,0,0.3);-moz-box-shadow:inset 0 0 0 20rem rgba(0,0,0,0.3);-ms-box-shadow:inset 0 0 0 20rem rgba(0,0,0,0.3);-o-box-shadow:inset 0 0 0 20rem rgba(0,0,0,0.3);box-shadow:inset 0 0 0 20rem rgba(0,0,0,0.3)}a:link.btn-normal{text-decoration:none}.btn-normal{padding-top:0.75rem;padding-bottom:0.75rem}.btn-outline:hover{text-decoration:none !important}.btn-outline{text-decoration:underline !important}.vid-time-link{padding-top:0.25rem;padding-right:0.25rem;padding-bottom:0.25rem;padding-left:0.25rem;margin-right:0.25rem}.h1{font-size:4rem}.h2{font-size:3rem}.h3{font-size:2rem}.h4{font-size:1.5rem}.h5{font-size:1rem}.h6{font-size:0.75rem}.hide-all{position:absolute;height:1px;width:1px;overflow:hidden;clip:rect(1px,1px,1px,1px)}.flex{display:flex}.flex-column{flex-direction:column}.flex-wrap{flex-wrap:wrap}.items-start{align-items:flex-start}.items-end{align-items:flex-end}.items-center{align-items:center}.items-baseline{align-items:baseline}.items-stretch{align-items:stretch}.self-start{align-self:flex-start}.self-end{align-self:flex-end}.self-center{align-self:center}.self-baseline{align-self:baseline}.self-stretch{align-self:stretch}.justify-start{justify-content:flex-start}.justify-end{justify-content:flex-end}.justify-center{justify-content:center}.justify-between{justify-content:space-between}.justify-around{justify-content:space-around}.align-start{align-content:flex-start}.align-end{align-content:flex-end}.align-center{align-content:center}.align-between{align-content:space-between}.align-around{align-content:space-around}.order-0{order:0}.order-1{order:1}.order-2{order:2}.order-3{order:3}.order-last{order:99999}.row{-webkit-box-sizing:border-box;-moz-box-sizing:border-box;-ms-box-sizing:border-box;-o-box-sizing:border-box;box-sizing:border-box;display:flex;flex-grow:0;flex-shrink:1;flex-basis:auto;flex-direction:row;flex-wrap:wrap}.row.reverse{flex-direction:row-reverse}.col.reverse{flex-direction:column-reverse}.col-m, .col-m-1, .col-m-2, .col-m-3, .col-m-4, .col-m-5, .col-m-6, .col-m-7, .col-m-8, .col-m-9, .col-m-10, .col-m-11, .col-m-12{-webkit-box-sizing:border-box;-moz-box-sizing:border-box;-ms-box-sizing:border-box;-o-box-sizing:border-box;box-sizing:border-box;flex-grow:0;flex-shrink:0;flex-basis:auto}.col-m{flex-grow:1;flex-basis:0;max-width:100%}.col-m-1{flex-basis:8.33333333333333%;max-width:8.33333333333333%}.col-m-2{flex-basis:16.6666666666667%;max-width:16.6666666666667%}.col-m-3{flex-basis:25%;max-width:25%}.col-m-4{flex-basis:33.3333333333333%;max-width:33.3333333333333%}.col-m-5{flex-basis:41.6666666666667%;max-width:41.6666666666667%}.col-m-6{flex-basis:50%;max-width:50%}.col-m-7{flex-basis:58.3333333333333%;max-width:58.3333333333333%}.col-m-8{flex-basis:66.6666666666667%;max-width:66.6666666666667%}.col-m-9{flex-basis:75%;max-width:75%}.col-m-10{flex-basis:83.3333333333333%;max-width:83.3333333333333%}.col-m-11{flex-basis:91.6666666666667%;max-width:91.6666666666667%}.col-m-12{flex-basis:100%;max-width:100%}.start-m{justify-content:flex-start;text-align:start}.center-m{justify-content:center;text-align:center}.end-m{justify-content:flex-end;text-align:end}.top-m{align-items:flex-start}.middle-m{align-items:center}.bottom-m{align-items:flex-end}.around-m{justify-content:space-around}.between-m{justify-content:space-between}.first-m{order:-1}.last-m{order:1}.m-pb0{padding-bottom:0}.m-pb1{padding-bottom:0.5rem}.m-pb2{padding-bottom:1rem}.m-pb3{padding-bottom:2rem}.m-pb4{padding-bottom:4rem}.m-pl0{padding-left:0}.m-pl1{padding-left:0.5rem}.m-pl2{padding-left:1rem}.m-pl3{padding-left:2rem}.m-pl4{padding-left:4rem}.m-pr0{padding-right:0}.m-pr1{padding-right:0.5rem}.m-pr2{padding-right:1rem}.m-pr3{padding-right:2rem}.m-pr4{padding-right:4rem}.m-pt0{padding-top:0}.m-pt1{padding-top:0.5rem}.m-pt2{padding-top:1rem}.m-pt3{padding-top:2rem}.m-pt4{padding-top:4rem}.m-mb0{margin-bottom:0}.m-mb1{margin-bottom:0.5rem}.m-mb2{margin-bottom:1rem}.m-mb3{margin-bottom:2rem}.m-mb4{margin-bottom:4rem}.m-ml0{margin-left:0}.m-ml1{margin-left:0.5rem}.m-ml2{margin-left:1rem}.m-ml3{margin-left:2rem}.m-ml4{margin-left:4rem}.m-mr0{margin-right:0}.m-mr1{margin-right:0.5rem}.m-mr2{margin-right:1rem}.m-mr3{margin-right:2rem}.m-mr4{margin-right:4rem}.m-mt0{margin-top:0}.m-mt1{margin-top:0.5rem}.m-mt2{margin-top:1rem}.m-mt3{margin-top:2rem}.m-mt4{margin-top:4rem}.bold{font-weight:700}.bolder{font-weight:bolder}.medium{font-weight:500}.semi-bold{font-weight:600}.caps{text-transform:uppercase;letter-spacing:0.54pt}.italic{font-style:italic}.light{font-weight:300}.lighter{font-weight:light}.normal{font-weight:normal}.underline{text-decoration:underline}.lh-0{line-height:1.15}.lh-1{line-height:1.25}.lh-2{line-height:1.45}.lh-3{line-height:1.5}.lh-1r{line-height:1rem}.lh-2r{line-height:2rem}.lh-3r{line-height:3rem}.lh-4r{line-height:4rem}.font-family-inherit{font-family:inherit}.font-size-inherit{font-size:inherit}.text-decoration-none{text-decoration:none}.list-style-none{list-style-type:none}.list-reset{list-style-type:none;padding-left:0}.start-align{text-align:start}.center{text-align:center}.end-align{text-align:end}.justify{text-align:justify}.nowrap{white-space:nowrap}.break-word{word-wrap:break-word}.overflow-hidden{overflow:hidden}.overflow-scroll{overflow:scroll}.overflow-auto{overflow:auto}.overflow-auto-x{overflow-x:auto}.overflow-auto-y{overflow-y:auto}.clear-fix::before, .clear-fix::after{content:"";display:table}.clear-fix::after{clear:both}.left{float:left}.right{float:right}.fit{max-width:100%}.border-box{-webkit-box-sizing:border-box;-moz-box-sizing:border-box;-ms-box-sizing:border-box;-o-box-sizing:border-box;box-sizing:border-box}.static{position:static}.relative{position:relative}.absolute{position:absolute}.fixed{position:fixed}.sticky{position:sticky;position:-webkit-sticky}.sticky-m{position:sticky;position:-webkit-sticky}.top-0{top:0}.right-0{right:0}.bottom-0{bottom:0}.left-0{left:0}.z1{z-index:1}.z2{z-index:2}.z3{z-index:3}.z4{z-index:4}.far-far-away{position:absolute;top:-9999px;left:-9999px}.border{border-top-style:solid;border-right-style:solid;border-bottom-style:solid;border-left-style:solid;border-top-width:1px;border-right-width:1px;border-bottom-width:1px;border-left-width:1px}.border-top{border-top-style:solid;border-top-width:1px}.border-right{border-right-style:solid;border-right-width:1px}.border-bottom{border-bottom-style:solid;border-bottom-width:1px}.border-left{border-left-style:solid;border-left-width:1px}.border-none{border-top-style:none;border-right-style:none;border-bottom-style:none;border-left-style:none;border-top-width:0;border-right-width:0;border-bottom-width:0;border-left-width:0}.rounded{border-top-left-radius:6px;border-top-right-radius:6px;border-bottom-right-radius:6px;border-bottom-left-radius:6px}.rounded-left{border-top-left-radius:6px;border-bottom-left-radius:6px}.rounded-right{border-top-right-radius:6px;border-bottom-right-radius:6px}.circle{border-top-left-radius:50%;border-top-right-radius:50%;border-bottom-right-radius:50%;border-bottom-left-radius:50%}.pill{border-top-left-radius:9999px;border-top-right-radius:9999px;border-bottom-right-radius:9999px;border-bottom-left-radius:9999px}.align-middle{vertical-align:middle}.h-1r{height:1rem}.h-2r{height:2rem}.h-3r{height:3rem}.h-4r{height:4rem}.w-50p{width:50%}.w-100p{width:100%}.inline{display:inline}.block{display:block}.inline-block{display:inline-block}.none{display:none}.table{display:table}.table-cell{display:table-cell}.cursor-pointer{cursor:pointer}@media only screen and (min-width: 832px){html{font-size:16px}}@media only screen and (max-width: 831px){.hero-logo{max-width:160px}}@media only screen and (max-width: 831px){.hide-m{display:none}}@media only screen and (min-width: 832px){.hide-d{display:none}}@media only screen and (max-width: 831px){.flex-m{display:flex}}@media only screen and (min-width: 832px){.flex-d{display:flex}}@media only screen and (min-width: 832px){.col-d, .col-d-1, .col-d-2, .col-d-3, .col-d-4, .col-d-5, .col-d-6, .col-d-7, .col-d-8, .col-d-9, .col-d-10, .col-d-11, .col-d-12{-webkit-box-sizing:border-box;-moz-box-sizing:border-box;-ms-box-sizing:border-box;-o-box-sizing:border-box;box-sizing:border-box;flex-grow:0;flex-shrink:0;flex-basis:auto}.col-d{flex-grow:1;flex-basis:0;max-width:100%}.col-d-1{flex-basis:8.33333333333333%;max-width:8.33333333333333%}.col-d-2{flex-basis:16.6666666666667%;max-width:16.6666666666667%}.col-d-3{flex-basis:25%;max-width:25%}.col-d-4{flex-basis:33.3333333333333%;max-width:33.3333333333333%}.col-d-5{flex-basis:41.6666666666667%;max-width:41.6666666666667%}.col-d-6{flex-basis:50%;max-width:50%}.col-d-7{flex-basis:58.3333333333333%;max-width:58.3333333333333%}.col-d-8{flex-basis:66.6666666666667%;max-width:66.6666666666667%}.col-d-9{flex-basis:75%;max-width:75%}.col-d-10{flex-basis:83.3333333333333%;max-width:83.3333333333333%}.col-d-11{flex-basis:91.6666666666667%;max-width:91.6666666666667%}.col-d-12{flex-basis:100%;max-width:100%}.start-d{justify-content:flex-start;text-align:start}.center-d{justify-content:center;text-align:center}.end-d{justify-content:flex-end;text-align:end}.top-d{align-items:flex-start}.middle-d{align-items:center}.bottom-d{align-items:flex-end}.around-d{justify-content:space-around}.between-d{justify-content:space-between}.first-d{order:-1}.last-d{order:1}}@media only screen and (min-width: 832px){.d-pb0{padding-bottom:0}.d-pb1{padding-bottom:0.5rem}.d-pb2{padding-bottom:1rem}.d-pb3{padding-bottom:2rem}.d-pb4{padding-bottom:4rem}.d-pl0{padding-left:0}.d-pl1{padding-left:0.5rem}.d-pl2{padding-left:1rem}.d-pl3{padding-left:2rem}.d-pl4{padding-left:4rem}.d-pr0{padding-right:0}.d-pr1{padding-right:0.5rem}.d-pr2{padding-right:1rem}.d-pr3{padding-right:2rem}.d-pr4{padding-right:4rem}.d-pt0{padding-top:0}.d-pt1{padding-top:0.5rem}.d-pt2{padding-top:1rem}.d-pt3{padding-top:2rem}.d-pt4{padding-top:4rem}}@media only screen and (min-width: 832px){.d-mb0{margin-bottom:0}.d-mb1{margin-bottom:0.5rem}.d-mb2{margin-bottom:1rem}.d-mb3{margin-bottom:2rem}.d-mb4{margin-bottom:4rem}.d-ml0{margin-left:0}.d-ml1{margin-left:0.5rem}.d-ml2{margin-left:1rem}.d-ml3{margin-left:2rem}.d-ml4{margin-left:4rem}.d-mr0{margin-right:0}.d-mr1{margin-right:0.5rem}.d-mr2{margin-right:1rem}.d-mr3{margin-right:2rem}.d-mr4{margin-right:4rem}.d-mt0{margin-top:0}.d-mt1{margin-top:0.5rem}.d-mt2{margin-top:1rem}.d-mt3{margin-top:2rem}.d-mt4{margin-top:4rem}}@media only screen and (min-width: 832px){.sticky-d{position:sticky;position:-webkit-sticky}}</style><style></style><meta name="viewport" content="width=device-width,initial-scale=1.0"><script>(function(i,s,o,g,r,a,m){i['GoogleAnalyticsObject']=r;i[r]=i[r]||function(){(i[r].q=i[r].q||[]).push(arguments)},i[r].l=1*new Date();a=s.createElement(o),m=s.getElementsByTagName(o)[0];a.async=1;a.src=g;m.parentNode.insertBefore(a,m)})(window,document,'script','https://www.google-analytics.com/analytics.js','ga');ga('create', 'UA-106218876-1', 'auto');ga('send', 'pageview');</script><link rel="stylesheet" href="//cdnjs.cloudflare.com/ajax/libs/highlight.js/9.12.0/styles/github.min.css"><script src="//cdnjs.cloudflare.com/ajax/libs/highlight.js/9.12.0/highlight.min.js"></script><script>hljs.initHighlightingOnLoad();</script></head><body><div class=" row"><div class=" col-m col-m-12 col-d-7"><div><div class="m-pl4 m-pr4 m-pt4 m-pb4 bg-white"><strong class="h6 caps lh-4">Episode 1</strong><h1 class="fg-black bold h4 lh-2 m-mt0"><a href="/episodes/ep1-proof-in-functions">Proof in Functions</a></h1><p class="fg-black normal h5 lh-4">Swift’s generic functions allow us to explore a beautiful idea that straddles the line between mathematics and computer science. In this episode we explore how we can use Swift’s type system to prove mathematical theorems, and show how this opens the doors to having the compiler verify properties of your program.</p></div><hr class="pf-divider border-top m-ml0 m-mr0 m-mt0 m-mb0 bg-white"><div class="m-pl4 m-pr4 m-pt4 m-pb4 bg-white"><p><a href="" onclick="javascript:var video = document.getElementsByTagName(&quot;video&quot;)[0];
  video.currentTime = event.target.dataset.t;
  video.play();
  event.preventDefault();" data-t="0" class="vid-time-link text-decoration-none bg-gray650 pf-link-white rounded h6">00:00</a>Swift’s generic functions allow us to explore a beautiful idea that straddles the line between mathematics and computer science. If you write down and implement a function using only generic data types, there is a corresponding mathematical theorem that you have proven true. There are a lot of pieces to that statement, but by the end of this short article you will understand what that means, and we will have constructed a computer proof of De Morgan’s law.</p><p><a href="" onclick="javascript:var video = document.getElementsByTagName(&quot;video&quot;)[0];
  video.currentTime = event.target.dataset.t;
  video.play();
  event.preventDefault();" data-t="30" class="vid-time-link text-decoration-none bg-gray650 pf-link-white rounded h6">00:30</a>All of the code samples in this article are contained in a Swift playground available for download here.</p><h2 class="h4 lh-3 m-pt2">Generic Functions</h2><p><a href="" onclick="javascript:var video = document.getElementsByTagName(&quot;video&quot;)[0];
  video.currentTime = event.target.dataset.t;
  video.play();
  event.preventDefault();" data-t="30" class="vid-time-link text-decoration-none bg-gray650 pf-link-white rounded h6">00:30</a>Let’s start with some exercises to prepare our brains for this kind of thinking. If someone handed you the following function declaration, which doesn’t currently compile, and asked you to fill it out so that it compiles, could you?</p><pre><code class="code block m-pl3 m-pr3 m-pt3 m-pb3 overflow-auto-x swift">func f &lt;A&gt; (x: A) -&gt; A {
    ???
  }</code></pre><p><a href="" onclick="javascript:var video = document.getElementsByTagName(&quot;video&quot;)[0];
  video.currentTime = event.target.dataset.t;
  video.play();
  event.preventDefault();" data-t="30" class="vid-time-link text-decoration-none bg-gray650 pf-link-white rounded h6">00:30</a>It’s a function that takes an x in some type A (can be any type) and needs to return something in A. We have absolutely no knowledge of A. No way of constructing a value in that type. For example, we can’t even do something like A() to construct a value, for we have no way of knowing if A has an initializer of that form. Even worse, there’s a chance that A cannot be instantiated, i.e. A has no values! For example, an enum with no cases cannot be instantiated:</p><pre><code class="code block m-pl3 m-pr3 m-pt3 m-pb3 overflow-auto-x swift">enum Empty {
    // no cases!
  }</code></pre><p><a href="" onclick="javascript:var video = document.getElementsByTagName(&quot;video&quot;)[0];
  video.currentTime = event.target.dataset.t;
  video.play();
  event.preventDefault();" data-t="30" class="vid-time-link text-decoration-none bg-gray650 pf-link-white rounded h6">00:30</a>This type is valid and compiles just fine, but no instance of it can ever be created. Kind of bizarre, but it will be useful later. Some languages call this type Bottom (⊥).</p><p><a href="" onclick="javascript:var video = document.getElementsByTagName(&quot;video&quot;)[0];
  video.currentTime = event.target.dataset.t;
  video.play();
  event.preventDefault();" data-t="30" class="vid-time-link text-decoration-none bg-gray650 pf-link-white rounded h6">00:30</a>So, back to that function f. How can we implement it so that the compiler says everything is A-Ok? Well, we really have no choice but to just return x, i.e. it’s the identity function:</p></div></div></div><div class="bg-dark first-m last-d col-m col-m-12 col-d-5"><div class="sticky-d top-0"><video class="fit" controls playsinline autoplay poster=""><source src="https://www.videvo.net/videvo_files/converted/2017_08/videos/170724_15_Setangibeach.mp486212.mp4"></video><div class="m-pl3 m-pr3 m-pt3 m-pb3 d-pt4 d-pl4 d-pr4 d-pb0"><h6 class="fg-black bold h6 lh-1 caps fg-gray850 m-pb1">Chapters</h6><div class="m-mb1 row"><div class=" col-m col-m-10"><div><a href="" onclick="javascript:var video = document.getElementsByTagName(&quot;video&quot;)[0];
  video.currentTime = event.target.dataset.t;
  video.play();
  event.preventDefault();" data-t="60" class="pf-link-green text-decoration-none">Generic Functions</a></div></div><div class=" col-m col-m-2"><div class="fg-purple end-align opacity-75">01:00</div></div></div></div><div class="bg-dark hide-m"><div class="m-pt3 m-pl4 m-pr4"><h6 class="fg-black bold h6 lh-1 caps fg-gray850 m-pb1">Downloads</h6><img alt="" src="data:image/svg+xml;base64, PHN2ZyBmaWxsPSIjRkZGMDgwIiBhcmlhLWxhYmVsbGVkYnk9InNpbXBsZWljb25zLWdpdGh1Yi1pY29uIiByb2xlPSJpbWciIHZpZXdCb3g9IjAgMCAyNCAyNCIgeG1sbnM9Imh0dHA6Ly93d3cudzMub3JnLzIwMDAvc3ZnIj48dGl0bGUgaWQ9InNpbXBsZWljb25zLWdpdGh1Yi1pY29uIj5HaXRIdWIgaWNvbjwvdGl0bGU+PHBhdGggZD0iTTEyIC4yOTdjLTYuNjMgMC0xMiA1LjM3My0xMiAxMiAwIDUuMzAzIDMuNDM4IDkuOCA4LjIwNSAxMS4zODUuNi4xMTMuODItLjI1OC44Mi0uNTc3IDAtLjI4NS0uMDEtMS4wNC0uMDE1LTIuMDQtMy4zMzguNzI0LTQuMDQyLTEuNjEtNC4wNDItMS42MUM0LjQyMiAxOC4wNyAzLjYzMyAxNy43IDMuNjMzIDE3LjdjLTEuMDg3LS43NDQuMDg0LS43MjkuMDg0LS43MjkgMS4yMDUuMDg0IDEuODM4IDEuMjM2IDEuODM4IDEuMjM2IDEuMDcgMS44MzUgMi44MDkgMS4zMDUgMy40OTUuOTk4LjEwOC0uNzc2LjQxNy0xLjMwNS43Ni0xLjYwNS0yLjY2NS0uMy01LjQ2Ni0xLjMzMi01LjQ2Ni01LjkzIDAtMS4zMS40NjUtMi4zOCAxLjIzNS0zLjIyLS4xMzUtLjMwMy0uNTQtMS41MjMuMTA1LTMuMTc2IDAgMCAxLjAwNS0uMzIyIDMuMyAxLjIzLjk2LS4yNjcgMS45OC0uMzk5IDMtLjQwNSAxLjAyLjAwNiAyLjA0LjEzOCAzIC40MDUgMi4yOC0xLjU1MiAzLjI4NS0xLjIzIDMuMjg1LTEuMjMuNjQ1IDEuNjUzLjI0IDIuODczLjEyIDMuMTc2Ljc2NS44NCAxLjIzIDEuOTEgMS4yMyAzLjIyIDAgNC42MS0yLjgwNSA1LjYyNS01LjQ3NSA1LjkyLjQyLjM2LjgxIDEuMDk2LjgxIDIuMjIgMCAxLjYwNi0uMDE1IDIuODk2LS4wMTUgMy4yODYgMCAuMzE1LjIxLjY5LjgyNS41N0MyMC41NjUgMjIuMDkyIDI0IDE3LjU5MiAyNCAxMi4yOTdjMC02LjYyNy01LjM3My0xMi0xMi0xMiIvPjwvc3ZnPg==" class="align-middle" width="20" height="20"><a href="https://www.github.com/pointfreeco/episode-code-samples/tree/master/ep1-proof-in-functions" class="pf-link-yellow m-ml1 align-middle">ep1-proof-in-functions.playground</a></div><div class="m-pl4 m-pr4 m-pt3 m-pb3"><h6 class="fg-black bold h6 lh-1 caps fg-gray850 m-pb1">Credits</h6><p class="fg-gray850">Hosted by <a class="pf-link-white" href="mailto:brandon@pointfree.co">Brandon&nbsp;Williams</a> and <a class="pf-link-white" href="mailto:stephen@pointfree.co">Stephen&nbsp;Celis</a>. Recorded in Brooklyn, NY.</p></div></div></div></div></div><div class="bg-dark hide-d"><div class="m-pt3 m-pl4 m-pr4"><h6 class="fg-black bold h6 lh-1 caps fg-gray850 m-pb1">Downloads</h6><img alt="" src="data:image/svg+xml;base64, PHN2ZyBmaWxsPSIjRkZGMDgwIiBhcmlhLWxhYmVsbGVkYnk9InNpbXBsZWljb25zLWdpdGh1Yi1pY29uIiByb2xlPSJpbWciIHZpZXdCb3g9IjAgMCAyNCAyNCIgeG1sbnM9Imh0dHA6Ly93d3cudzMub3JnLzIwMDAvc3ZnIj48dGl0bGUgaWQ9InNpbXBsZWljb25zLWdpdGh1Yi1pY29uIj5HaXRIdWIgaWNvbjwvdGl0bGU+PHBhdGggZD0iTTEyIC4yOTdjLTYuNjMgMC0xMiA1LjM3My0xMiAxMiAwIDUuMzAzIDMuNDM4IDkuOCA4LjIwNSAxMS4zODUuNi4xMTMuODItLjI1OC44Mi0uNTc3IDAtLjI4NS0uMDEtMS4wNC0uMDE1LTIuMDQtMy4zMzguNzI0LTQuMDQyLTEuNjEtNC4wNDItMS42MUM0LjQyMiAxOC4wNyAzLjYzMyAxNy43IDMuNjMzIDE3LjdjLTEuMDg3LS43NDQuMDg0LS43MjkuMDg0LS43MjkgMS4yMDUuMDg0IDEuODM4IDEuMjM2IDEuODM4IDEuMjM2IDEuMDcgMS44MzUgMi44MDkgMS4zMDUgMy40OTUuOTk4LjEwOC0uNzc2LjQxNy0xLjMwNS43Ni0xLjYwNS0yLjY2NS0uMy01LjQ2Ni0xLjMzMi01LjQ2Ni01LjkzIDAtMS4zMS40NjUtMi4zOCAxLjIzNS0zLjIyLS4xMzUtLjMwMy0uNTQtMS41MjMuMTA1LTMuMTc2IDAgMCAxLjAwNS0uMzIyIDMuMyAxLjIzLjk2LS4yNjcgMS45OC0uMzk5IDMtLjQwNSAxLjAyLjAwNiAyLjA0LjEzOCAzIC40MDUgMi4yOC0xLjU1MiAzLjI4NS0xLjIzIDMuMjg1LTEuMjMuNjQ1IDEuNjUzLjI0IDIuODczLjEyIDMuMTc2Ljc2NS44NCAxLjIzIDEuOTEgMS4yMyAzLjIyIDAgNC42MS0yLjgwNSA1LjYyNS01LjQ3NSA1LjkyLjQyLjM2LjgxIDEuMDk2LjgxIDIuMjIgMCAxLjYwNi0uMDE1IDIuODk2LS4wMTUgMy4yODYgMCAuMzE1LjIxLjY5LjgyNS41N0MyMC41NjUgMjIuMDkyIDI0IDE3LjU5MiAyNCAxMi4yOTdjMC02LjYyNy01LjM3My0xMi0xMi0xMiIvPjwvc3ZnPg==" class="align-middle" width="20" height="20"><a href="https://www.github.com/pointfreeco/episode-code-samples/tree/master/ep1-proof-in-functions" class="pf-link-yellow m-ml1 align-middle">ep1-proof-in-functions.playground</a></div><div class="m-pl4 m-pr4 m-pt3 m-pb3"><h6 class="fg-black bold h6 lh-1 caps fg-gray850 m-pb1">Credits</h6><p class="fg-gray850">Hosted by <a class="pf-link-white" href="mailto:brandon@pointfree.co">Brandon&nbsp;Williams</a> and <a class="pf-link-white" href="mailto:stephen@pointfree.co">Stephen&nbsp;Celis</a>. Recorded in Brooklyn, NY.</p></div></div><footer class="row m-pl3 m-pr3 m-pt3 m-pb3 d-pl4 d-pr4 d-pt4 d-pb4 bg-black"><div class=" col-m col-m-12 col-d-6"><div class="m-pb2 d-pr4"><h4 class="fg-black bold h4 lh-2 m-mb0"><a href="/home" class="pf-link-white">Point-Free</a></h4><p class="fg-black normal h5 lh-4 fg-white">A weekly video series on functional programming and the Swift programming language. Hosted by <a href="https://www.twitter.com/mbrandonw" class="text-decoration-none pf-link-green">Brandon&nbsp;Williams</a> and <a href="https://www.twitter.com/stephencelis" class="text-decoration-none pf-link-green">Stephen&nbsp;Celis</a>.</p></div></div><div class=" col-m col-m-4 col-d-2"><div><h5 class="fg-black bold h6 lh-1 caps fg-white">Content</h5><ol class="list-reset"><li><a class="pf-link-purple fg-black normal h5 lh-4" href="/home">Videos</a></li><li><a class="pf-link-purple fg-black normal h5 lh-4" href="http://www.fewbutripe.com">Few, but ripe…</a></li><li><a class="pf-link-purple fg-black normal h5 lh-4" href="http://www.stephencelis.com">Stephen Celis</a></li></ol></div></div><div class=" col-m col-m-4 col-d-2"><div><h5 class="fg-black bold h6 lh-1 caps fg-white">Account</h5><ol class="list-reset"><li><a class="pf-link-purple fg-black normal h5 lh-4" href="/pricing">Subscribe</a></li><li><a class="pf-link-purple fg-black normal h5 lh-4" href="/pricing">Pricing</a></li></ol></div></div><div class=" col-m col-m-4 col-d-2"><div><h5 class="fg-black bold h6 lh-1 caps fg-white">More</h5><ol class="list-reset"><li><a class="pf-link-purple fg-black normal h5 lh-4" href="https://www.twitter.com/pointfreeco">Twitter</a></li><li><a class="pf-link-purple fg-black normal h5 lh-4" href="https://www.github.com/pointfreeco">GitHub</a></li><li><a class="pf-link-purple fg-black normal h5 lh-4" href="mailto:support@pointfree.co">Contact us</a></li></ol></div></div><div class=" col-m col-m-12 col-d-6"><p class="fg-gray400 fg-black normal h6 lh-4 m-pt2">© 2018 Point-Free, Inc. All rights are reserved for the videos and transcripts on this site. All other content is licensed under <a class="pf-link-gray650" href="https://creativecommons.org/licenses/by-nc-sa/4.0/">CC BY-NC-SA 4.0</a>, and the underlying <a class="pf-link-gray650" href="https://www.github.com/pointfreeco/pointfreeco">source code</a> to run this site is licensed under the <a class="pf-link-gray650" href="https://www.github.com/pointfreeco/pointfreeco/blob/master/LICENSE">MIT license</a></p></div></footer></body></html>
