GET https://api.stripe.com/v1/subscriptions/sub_test?expand%5B%5D=customer
Authorization: Basic c2tfdGVzdDo=