POST https://api.stripe.com/v1/subscriptions?expand%5B%5D=customer
Authorization: Basic c2tfdGVzdDo=
Idempotency-Key: DEADBEEF-DEAD-BEEF-DEAD-BEEFDEADBEEF

customer=cus_test&items[0][plan]=team-yearly&items[0][quantity]=2