

> Every once in awhile we release a past episode for free to all of our viewers, and today is that day! Please consider supporting us <http://localhost:8080/pricing> so that we can keep new episodes coming!

### Episode #2 is now free!

 <http://localhost:8080/episodes/ep2-proof-in-functions>#### Proof in Functions

This is a short blurb to give a high-level overview of what the episode is about. It can only be plain
text, no markdown allowed. Here is some more text just to have some filler.

 <http://localhost:8080/episodes/ep2-proof-in-functions>

This episode is 23 minutes long.

Watch now! <http://localhost:8080/episodes/ep2-proof-in-functions>

Your hosts,

Brandon&nbsp;Williams <https://www.twitter.com/mbrandonw> & Stephen&nbsp;Celis <https://www.twitter.com/stephencelis>





Contact us via email at support@pointfree.co <mailto:support@pointfree.co>, or on Twitter @pointfreeco <https://www.twitter.com/pointfreeco>.

Our postal address: 139 Skillman #5C, Brooklyn, NY 11211

You are receiving this email because you wanted to be notified whenever a new episode is available. If you no longer wish to receive emails like this, you can unsubscribe here <http://localhost:8080/newsletters/express-unsubscribe?payload=32617731c6cff61f33bfdaf495daf5b242baa5159cd1c6070e0d1849d863661614c55b331694604b50021bb24cd0e2c73f4cc37368ef98ff66265f2f7bcbedb63270eaa3f048d042efb31330ff7e2e11a0a434079d9541857b1372dbd650f8edf0>.










