GET https://pointfreeco.herokuapp.com/episodes
X-Forwarded-Proto: https

301 Moved Permanently
Location: https://www.pointfree.co/episodes
Referrer-Policy: strict-origin-when-cross-origin
X-Content-Type-Options: nosniff
X-Download-Options: noopen
X-Frame-Options: SAMEORIGIN
X-Permitted-Cross-Domain-Policies: none
X-XSS-Protection: 1; mode=block