▿ Step
  ResponseEnded

▿ Request
  GET http://www.pointfree.co/episodes

  (Data, 0 bytes)

▿ Response
  Status 301 MOVEDPERMANENTLY
  Location: https://www.pointfree.co/episodes