POST http://localhost:8080/subscribe
Cookie: pf_session={"userId":"00000000-0000-0000-0000-000000000001"}

coupon=deadbeef&isOwnerTakingSeat=true&pricing[billing]=yearly&pricing[quantity]=4&token=stripe-deadbeef

302 Found
Location: /discounts/deadbeef?billing=yearly
Referrer-Policy: strict-origin-when-cross-origin
Set-Cookie: pf_session={"flash":{"message":"Coupons can only be used on individual subscription plans.","priority":"error"},"userId":"00000000-0000-0000-0000-000000000001"}; Expires=Sat, 29 Jan 2028 00:00:00 GMT; Path=/
X-Content-Type-Options: nosniff
X-Download-Options: noopen
X-Frame-Options: SAMEORIGIN
X-Permitted-Cross-Domain-Policies: none
X-XSS-Protection: 1; mode=block