▿ Step
  ResponseEnded

▿ Request
  POST http://localhost:8080/subscribe
  Cookie: pf_session={"userId":"00000000-0000-0000-0000-000000000000"}

  pricing[lane]=individual&pricing[billing]=monthly&pricing[quantity]=1&token=stripe-deadbeef&vatNumber=

▿ Response
  Status 302 FOUND
  Location: /pricing?plan=monthly&quantity=1
  Set-Cookie: pf_session={"flash":{"message":"Your card has insufficient funds.","priority":"error"},"userId":"00000000-0000-0000-0000-000000000000"}; Path=/