▿ Step
  ResponseEnded

▿ Request
  POST http://localhost:8080/subscribe
  Cookie: pf_session={}

  pricing[lane]=team&pricing[billing]=yearly&pricing[quantity]=5&token=stripe-deadbeef&vatNumber=

▿ Response
  Status 302 FOUND
  Location: /login?redirect=http://localhost:8080/pricing?plan%3Dyearly%26quantity%3D5