▿ Step
  ResponseEnded

▿ Request
  POST http://localhost:8080/account/subscription/downgrade
  Authorization: Basic aGVsbG86d29ybGQ=
  Cookie: pf_session={"userId":"00000000-0000-0000-0000-000000000000"}

  (Data, 0 bytes)

▿ Response
  Status 302 FOUND
  Location: /account/subscription/downgrade
  Set-Cookie: pf_session={"flash":{"message":"We couldn’t change your subscription at this time. Please try again later or contact\n<support@pointfree.co>.","priority":"error"},"userId":"00000000-0000-0000-0000-000000000000"}; Path=/