▿ Step
  ResponseEnded

▿ Request
  GET http://localhost:8080/account/subscription/downgrade
  Cookie: pf_session={}

  (Data, 0 bytes)

▿ Response
  Status 302 FOUND
  Location: /login?redirect=http://localhost:8080/account/subscription/downgrade