GET http://localhost:8080/pricing
Cookie: pf_session={"userId":"00000000-0000-0000-0000-000000000000"}

302 Found
Location: /account
Set-Cookie: pf_session={"flash":{"message":"You already have an active subscription.","priority":"warning"},"userId":"00000000-0000-0000-0000-000000000000"}; Expires=Sat, 29 Jan 2028 00:00:00 GMT; Path=/