

### You just got one month free!

Someone just subscribed with your referral code, which means you get one month of Point-Free for free! We've applied a credit of $18 to your account, which you should see reflected on your account page <http://localhost:8080/account>.

Thanks again for sharing Point-Free with your friends and colleagues!





Contact us via email at support@pointfree.co <mailto:support@pointfree.co>, or on Twitter @pointfreeco <https://www.twitter.com/pointfreeco>.

Our postal address: 139 Skillman #5C, Brooklyn, NY 11211










