▿ Step
  ResponseEnded

▿ Request
  GET http://localhost:8080/login
  Authorization: Basic aGVsbG86d29ybGQ=
  Cookie: pf_session={"userId":"00000000-0000-0000-0000-000000000000"}

  (Data, 0 bytes)

▿ Response
  Status 302 FOUND
  Location: /account
  Set-Cookie: pf_session={"flash":{"message":"You’re already logged in.","priority":"warning"},"userId":"00000000-0000-0000-0000-000000000000"}; Path=/