GET http://localhost:8080/login
Cookie: pf_session={}

302 Found
Location: https://github.com/login/oauth/authorize?client_id=deadbeef-client-id&redirect_uri=http://localhost:8080/github-auth&scope=user:email
Referrer-Policy: strict-origin-when-cross-origin
X-Content-Type-Options: nosniff
X-Download-Options: noopen
X-Frame-Options: SAMEORIGIN
X-Permitted-Cross-Domain-Policies: none
X-XSS-Protection: 1; mode=block