GET http://localhost:8080/github-auth?code=deadbeef
Cookie: pf_session={}

302 Found
Location: /github-failure?accessToken=deadbeef
Referrer-Policy: strict-origin-when-cross-origin
X-Content-Type-Options: nosniff
X-Download-Options: noopen
X-Frame-Options: SAMEORIGIN
X-Permitted-Cross-Domain-Policies: none
X-XSS-Protection: 1; mode=block