▿ Step
  ResponseEnded

▿ Request
  POST http://localhost:8080/account/subscription/reactivate
  Cookie: pf_session={"userId":"00000000-0000-0000-0000-000000000000"}

  (Data, 0 bytes)

▿ Response
  Status 302 FOUND
  Location: /account
  Set-Cookie: pf_session={"flash":{"message":"We’ve reactivated your subscription.","priority":"notice"},"userId":"00000000-0000-0000-0000-000000000000"}; Expires=Sat, 29 Jan 2028 00:00:00 GMT; Path=/