POST http://localhost:8080/newsletters/express-unsubscribe-reply
Cookie: pf_session={}

recipient=unsub-f9c46e50cb32c3f12369e92c8bb9d9db09edf2cce5a0307b4e8516ac36340b470d3fed478e73515f3ad396db9cb71d21c0abe5f9872e3e792de15f4b1ae5795e%40pointfree.co&sender=hello%40pointfree.co&signature=this%20is%20an%20invalid%20signature&timestamp=1517356800&token=deadbeef

406 Not Acceptable
Referrer-Policy: strict-origin-when-cross-origin
X-Content-Type-Options: nosniff
X-Download-Options: noopen
X-Frame-Options: SAMEORIGIN
X-Permitted-Cross-Domain-Policies: none
X-XSS-Protection: 1; mode=block